#
# There is insufficient memory for the Java Runtime Environment to continue.
# Native memory allocation (malloc) failed to allocate 1048576 bytes. Error detail: AllocateHeap
# Possible reasons:
#   The system is out of physical RAM or swap space
#   This process is running with CompressedOops enabled, and the Java Heap may be blocking the growth of the native heap
# Possible solutions:
#   Reduce memory load on the system
#   Increase physical memory or swap space
#   Check if swap backing store is full
#   Decrease Java heap size (-Xmx/-Xms)
#   Decrease number of Java threads
#   Decrease Java thread stack sizes (-Xss)
#   Set larger code cache with -XX:ReservedCodeCacheSize=
#   JVM is running with Unscaled Compressed Oops mode in which the Java heap is
#     placed in the first 4GB address space. The Java Heap base address is the
#     maximum limit for the native heap growth. Please use -XX:HeapBaseMinAddress
#     to set the Java Heap base and to place the Java Heap above 4GB virtual address.
# This output file may be truncated or incomplete.
#
#  Out of Memory Error (allocation.cpp:44), pid=21908, tid=15396
#
# JRE version: OpenJDK Runtime Environment Temurin-21.0.11+10 (21.0.11+10) (build 21.0.11+10-LTS)
# Java VM: OpenJDK 64-Bit Server VM Temurin-21.0.11+10 (21.0.11+10-LTS, mixed mode, sharing, tiered, compressed oops, compressed class ptrs, parallel gc, windows-amd64)
# No core dump will be written. Minidumps are not enabled by default on client versions of Windows
#

---------------  S U M M A R Y ------------

Command Line: --add-modules=ALL-SYSTEM --add-opens=java.base/java.util=ALL-UNNAMED --add-opens=java.base/java.lang=ALL-UNNAMED --add-opens=java.base/sun.nio.fs=ALL-UNNAMED -Declipse.application=org.eclipse.jdt.ls.core.id1 -Dosgi.bundles.defaultStartLevel=4 -Declipse.product=org.eclipse.jdt.ls.core.product -Djava.import.generatesMetadataFilesAtProjectRoot=false -DDetectVMInstallationsJob.disabled=true -Dfile.encoding=utf8 -XX:+UseParallelGC -XX:GCTimeRatio=4 -XX:AdaptiveSizePolicyWeight=90 -Dsun.zip.disableMemoryMapping=true -Xmx2G -Xms100m -Xlog:disable -javaagent:c:\Users\2427899\.vscode\extensions\redhat.java-1.55.0-win32-x64\lombok\lombok-1.18.39-4050.jar -XX:+HeapDumpOnOutOfMemoryError -XX:HeapDumpPath=c:\Users\2427899\AppData\Roaming\Code\User\workspaceStorage\2f7942b5be9effb978c8b3f212498b0f\redhat.java -Daether.dependencyCollector.impl=bf c:\Users\2427899\.vscode\extensions\redhat.java-1.55.0-win32-x64\server\plugins\org.eclipse.equinox.launcher_1.7.200.v20260619-2039.jar -configuration c:\Users\2427899\AppData\Roaming\Code\User\globalStorage\redhat.java\1.55.0\config_win -data c:\Users\2427899\AppData\Roaming\Code\User\workspaceStorage\2f7942b5be9effb978c8b3f212498b0f\redhat.java\jdt_ws --pipe=\\.\pipe\lsp-1f65c7dce2b6652f221fd5320bfa47b2-sock

Host: 13th Gen Intel(R) Core(TM) i5-1345U, 12 cores, 15G,  Windows 11 , 64 bit Build 26100 (10.0.26100.8521)
Time: Tue Jul 21 00:13:41 2026 India Standard Time elapsed time: 8430.580995 seconds (0d 2h 20m 30s)

---------------  T H R E A D  ---------------

Current thread (0x00000226b742b3c0):  JavaThread "Attach Listener" daemon [_thread_in_vm, id=15396, stack(0x000000b915e00000,0x000000b915f00000) (1024K)]

Stack: [0x000000b915e00000,0x000000b915f00000]
Native frames: (J=compiled Java code, j=interpreted, Vv=VM code, C=native code)
V  [jvm.dll+0x6d7e19]
V  [jvm.dll+0x8b5096]
V  [jvm.dll+0x8b764e]
V  [jvm.dll+0x8b7d33]
V  [jvm.dll+0x284596]
V  [jvm.dll+0xc13c7]
V  [jvm.dll+0x6d86c9]
V  [jvm.dll+0x133616]
V  [jvm.dll+0x3f868e]
V  [jvm.dll+0x85fb0d]
V  [jvm.dll+0x6d664d]
C  [ucrtbase.dll+0x2cd30]
C  [KERNEL32.DLL+0x2e957]
C  [ntdll.dll+0x87c1c]


---------------  P R O C E S S  ---------------

Threads class SMR info:
_java_thread_list=0x000002271fb32720, length=71, elements={
0x00000226b73c5b90, 0x00000226b7424320, 0x00000226b7425ad0, 0x00000226b742db20,
0x00000226b742b3c0, 0x00000226b742ba50, 0x00000226b742c770, 0x000002270fd454f0,
0x000002270fd46b00, 0x00000226b742e1b0, 0x00000226b742c0e0, 0x00000226b742ce00,
0x00000226b742d490, 0x000002270fd6e1d0, 0x000002270fd6d4b0, 0x000002270fd6db40,
0x000002270fd6ad50, 0x000002270fd6c790, 0x000002270fd6b3e0, 0x000002270fd6f580,
0x000002270fd702a0, 0x000002270fd71650, 0x000002270fd71ce0, 0x000002271874d720,
0x000002271874a2a0, 0x000002271874a930, 0x000002271874afc0, 0x000002271874d090,
0x000002271874b650, 0x000002271874bce0, 0x000002271874c370, 0x000002271874ca00,
0x0000022719612c60, 0x0000022719613980, 0x0000022719614010, 0x00000227196153c0,
0x0000022719616e00, 0x0000022719617b20, 0x0000022719615a50, 0x0000022719619560,
0x0000022716cfbfb0, 0x0000022716c72630, 0x000002271f261fb0, 0x0000022716c767d0,
0x0000022719006970, 0x0000022719002e60, 0x00000227190027d0, 0x0000022719004210,
0x0000022719000d90, 0x00000227190048a0, 0x0000022719004f30, 0x0000022719001ab0,
0x0000022719007d20, 0x0000022719007690, 0x00000227190055c0, 0x0000022719005c50,
0x000002271f260c00, 0x000002271f262640, 0x000002271f261920, 0x000002271f262cd0,
0x000002271f25fee0, 0x000002271f263360, 0x000002271f261290, 0x000002271f265ac0,
0x000002271f266150, 0x000002271f2639f0, 0x000002271f266e70, 0x0000022716c72cc0,
0x0000022716c739e0, 0x0000022716c71910, 0x0000022716c75ab0
}

Java Threads: ( => current thread )
  0x00000226b73c5b90 JavaThread "main"                              [_thread_blocked, id=2820, stack(0x000000b915600000,0x000000b915700000) (1024K)]
  0x00000226b7424320 JavaThread "Reference Handler"          daemon [_thread_blocked, id=21156, stack(0x000000b915b00000,0x000000b915c00000) (1024K)]
  0x00000226b7425ad0 JavaThread "Finalizer"                  daemon [_thread_blocked, id=7060, stack(0x000000b915c00000,0x000000b915d00000) (1024K)]
  0x00000226b742db20 JavaThread "Signal Dispatcher"          daemon [_thread_blocked, id=27536, stack(0x000000b915d00000,0x000000b915e00000) (1024K)]
=>0x00000226b742b3c0 JavaThread "Attach Listener"            daemon [_thread_in_vm, id=15396, stack(0x000000b915e00000,0x000000b915f00000) (1024K)]
  0x00000226b742ba50 JavaThread "Service Thread"             daemon [_thread_blocked, id=21184, stack(0x000000b915f00000,0x000000b916000000) (1024K)]
  0x00000226b742c770 JavaThread "Monitor Deflation Thread"   daemon [_thread_blocked, id=31396, stack(0x000000b916000000,0x000000b916100000) (1024K)]
  0x000002270fd454f0 JavaThread "C2 CompilerThread0"         daemon [_thread_blocked, id=18956, stack(0x000000b916100000,0x000000b916200000) (1024K)]
  0x000002270fd46b00 JavaThread "C1 CompilerThread0"         daemon [_thread_blocked, id=14748, stack(0x000000b916200000,0x000000b916300000) (1024K)]
  0x00000226b742e1b0 JavaThread "Common-Cleaner"             daemon [_thread_blocked, id=12988, stack(0x000000b916300000,0x000000b916400000) (1024K)]
  0x00000226b742c0e0 JavaThread "Notification Thread"        daemon [_thread_blocked, id=23984, stack(0x000000b916500000,0x000000b916600000) (1024K)]
  0x00000226b742ce00 JavaThread "Active Thread: Equinox Container: 7e47e166-04c6-4174-8b81-09ee1b542153"        [_thread_blocked, id=15720, stack(0x000000b916d00000,0x000000b916e00000) (1024K)]
  0x00000226b742d490 JavaThread "Refresh Thread: Equinox Container: 7e47e166-04c6-4174-8b81-09ee1b542153" daemon [_thread_blocked, id=30660, stack(0x000000b916c00000,0x000000b916d00000) (1024K)]
  0x000002270fd6e1d0 JavaThread "Framework Event Dispatcher: Equinox Container: 7e47e166-04c6-4174-8b81-09ee1b542153" daemon [_thread_blocked, id=28864, stack(0x000000b916e00000,0x000000b916f00000) (1024K)]
  0x000002270fd6d4b0 JavaThread "Start Level: Equinox Container: 7e47e166-04c6-4174-8b81-09ee1b542153" daemon [_thread_blocked, id=16408, stack(0x000000b916f00000,0x000000b917000000) (1024K)]
  0x000002270fd6db40 JavaThread "Bundle File Closer"         daemon [_thread_blocked, id=18976, stack(0x000000b917300000,0x000000b917400000) (1024K)]
  0x000002270fd6ad50 JavaThread "SCR Component Actor"        daemon [_thread_blocked, id=31848, stack(0x000000b917000000,0x000000b917100000) (1024K)]
  0x000002270fd6c790 JavaThread "Worker-JM"                         [_thread_blocked, id=13724, stack(0x000000b917400000,0x000000b917500000) (1024K)]
  0x000002270fd6b3e0 JavaThread "JNA Cleaner"                daemon [_thread_blocked, id=15440, stack(0x000000b917500000,0x000000b917600000) (1024K)]
  0x000002270fd6f580 JavaThread "Java indexing"              daemon [_thread_blocked, id=21292, stack(0x000000b917a00000,0x000000b917b00000) (1024K)]
  0x000002270fd702a0 JavaThread "Thread-1"                   daemon [_thread_in_native, id=7980, stack(0x000000b918000000,0x000000b918100000) (1024K)]
  0x000002270fd71650 JavaThread "Thread-2"                   daemon [_thread_in_native, id=29596, stack(0x000000b918100000,0x000000b918200000) (1024K)]
  0x000002270fd71ce0 JavaThread "Thread-3"                   daemon [_thread_in_native, id=2664, stack(0x000000b918200000,0x000000b918300000) (1024K)]
  0x000002271874d720 JavaThread "Thread-4"                   daemon [_thread_in_native, id=32712, stack(0x000000b918300000,0x000000b918400000) (1024K)]
  0x000002271874a2a0 JavaThread "Thread-5"                   daemon [_thread_in_native, id=10056, stack(0x000000b918400000,0x000000b918500000) (1024K)]
  0x000002271874a930 JavaThread "Thread-6"                   daemon [_thread_in_native, id=1448, stack(0x000000b918500000,0x000000b918600000) (1024K)]
  0x000002271874afc0 JavaThread "Thread-7"                   daemon [_thread_in_native, id=33580, stack(0x000000b918600000,0x000000b918700000) (1024K)]
  0x000002271874d090 JavaThread "Thread-8"                   daemon [_thread_in_native, id=33076, stack(0x000000b918700000,0x000000b918800000) (1024K)]
  0x000002271874b650 JavaThread "Thread-9"                   daemon [_thread_in_native, id=29484, stack(0x000000b918800000,0x000000b918900000) (1024K)]
  0x000002271874bce0 JavaThread "Thread-10"                  daemon [_thread_in_native, id=1228, stack(0x000000b918900000,0x000000b918a00000) (1024K)]
  0x000002271874c370 JavaThread "Thread-11"                  daemon [_thread_in_native, id=27940, stack(0x000000b918a00000,0x000000b918b00000) (1024K)]
  0x000002271874ca00 JavaThread "Thread-12"                  daemon [_thread_in_native, id=33268, stack(0x000000b918b00000,0x000000b918c00000) (1024K)]
  0x0000022719612c60 JavaThread "Thread-13"                  daemon [_thread_in_native, id=24848, stack(0x000000b918c00000,0x000000b918d00000) (1024K)]
  0x0000022719613980 JavaThread "pool-2-thread-1"                   [_thread_blocked, id=4392, stack(0x000000b918d00000,0x000000b918e00000) (1024K)]
  0x0000022719614010 JavaThread "WorkspaceEventsHandler"            [_thread_blocked, id=29176, stack(0x000000b918e00000,0x000000b918f00000) (1024K)]
  0x00000227196153c0 JavaThread "pool-1-thread-1"                   [_thread_blocked, id=2248, stack(0x000000b918f00000,0x000000b919000000) (1024K)]
  0x0000022719616e00 JavaThread "PatternSearchJob-worker-1"  daemon [_thread_blocked, id=15456, stack(0x000000b919600000,0x000000b919700000) (1024K)]
  0x0000022719617b20 JavaThread "PatternSearchJob-worker-3"  daemon [_thread_blocked, id=26920, stack(0x000000b919800000,0x000000b919900000) (1024K)]
  0x0000022719615a50 JavaThread "PatternSearchJob-worker-8"  daemon [_thread_blocked, id=25024, stack(0x000000b919d00000,0x000000b919e00000) (1024K)]
  0x0000022719619560 JavaThread "PatternSearchJob-worker-9"  daemon [_thread_blocked, id=3244, stack(0x000000b919e00000,0x000000b919f00000) (1024K)]
  0x0000022716cfbfb0 JavaThread "Cleaner-0"                  daemon [_thread_blocked, id=10400, stack(0x000000b919500000,0x000000b919600000) (1024K)]
  0x0000022716c72630 JavaThread "PatternSearchJob-worker-13" daemon [_thread_blocked, id=18896, stack(0x000000b91a800000,0x000000b91a900000) (1024K)]
  0x000002271f261fb0 JavaThread "PatternSearchJob-worker-15" daemon [_thread_blocked, id=31756, stack(0x000000b919200000,0x000000b919300000) (1024K)]
  0x0000022716c767d0 JavaThread "Worker-47"                         [_thread_blocked, id=34972, stack(0x000000b91a600000,0x000000b91a700000) (1024K)]
  0x0000022719006970 JavaThread "Worker-53"                         [_thread_blocked, id=53976, stack(0x000000b917d00000,0x000000b917e00000) (1024K)]
  0x0000022719002e60 JavaThread "ForkJoinPool.commonPool-worker-50" daemon [_thread_blocked, id=65184, stack(0x000000b917600000,0x000000b917700000) (1024K)]
  0x00000227190027d0 JavaThread "ForkJoinPool.commonPool-worker-51" daemon [_thread_blocked, id=13616, stack(0x000000b917700000,0x000000b917800000) (1024K)]
  0x0000022719004210 JavaThread "Compiler Source File Reader" daemon [_thread_blocked, id=45328, stack(0x000000b917800000,0x000000b917900000) (1024K)]
  0x0000022719000d90 JavaThread "Worker-56"                         [_thread_blocked, id=65412, stack(0x000000b917900000,0x000000b917a00000) (1024K)]
  0x00000227190048a0 JavaThread "PatternSearchJob-worker-16" daemon [_thread_blocked, id=65172, stack(0x000000b917b00000,0x000000b917c00000) (1024K)]
  0x0000022719004f30 JavaThread "PatternSearchJob-worker-17" daemon [_thread_blocked, id=63748, stack(0x000000b917c00000,0x000000b917d00000) (1024K)]
  0x0000022719001ab0 JavaThread "PatternSearchJob-worker-18" daemon [_thread_blocked, id=65368, stack(0x000000b917e00000,0x000000b917f00000) (1024K)]
  0x0000022719007d20 JavaThread "Worker-57"                         [_thread_blocked, id=65196, stack(0x000000b917f00000,0x000000b918000000) (1024K)]
  0x0000022719007690 JavaThread "Compiler Processing Task"   daemon [_thread_blocked, id=65268, stack(0x000000b919000000,0x000000b919100000) (1024K)]
  0x00000227190055c0 JavaThread "ForkJoinPool.commonPool-worker-52" daemon [_thread_blocked, id=60372, stack(0x000000b919100000,0x000000b919200000) (1024K)]
  0x0000022719005c50 JavaThread "Compiler Source File Reader" daemon [_thread_blocked, id=56732, stack(0x000000b919300000,0x000000b919400000) (1024K)]
  0x000002271f260c00 JavaThread "Compiler Source File Reader" daemon [_thread_blocked, id=64948, stack(0x000000b919400000,0x000000b919500000) (1024K)]
  0x000002271f262640 JavaThread "ForkJoinPool.commonPool-worker-53" daemon [_thread_blocked, id=23584, stack(0x000000b919700000,0x000000b919800000) (1024K)]
  0x000002271f261920 JavaThread "ForkJoinPool.commonPool-worker-54" daemon [_thread_blocked, id=61088, stack(0x000000b919900000,0x000000b919a00000) (1024K)]
  0x000002271f262cd0 JavaThread "ForkJoinPool.commonPool-worker-55" daemon [_thread_blocked, id=58512, stack(0x000000b919a00000,0x000000b919b00000) (1024K)]
  0x000002271f25fee0 JavaThread "ForkJoinPool.commonPool-worker-56" daemon [_thread_blocked, id=35596, stack(0x000000b919b00000,0x000000b919c00000) (1024K)]
  0x000002271f263360 JavaThread "ForkJoinPool.commonPool-worker-57" daemon [_thread_blocked, id=61024, stack(0x000000b919c00000,0x000000b919d00000) (1024K)]
  0x000002271f261290 JavaThread "ForkJoinPool.commonPool-worker-58" daemon [_thread_blocked, id=47900, stack(0x000000b919f00000,0x000000b91a000000) (1024K)]
  0x000002271f265ac0 JavaThread "ForkJoinPool.commonPool-worker-59" daemon [_thread_blocked, id=64144, stack(0x000000b91a000000,0x000000b91a100000) (1024K)]
  0x000002271f266150 JavaThread "ForkJoinPool.commonPool-worker-60" daemon [_thread_blocked, id=64136, stack(0x000000b91a100000,0x000000b91a200000) (1024K)]
  0x000002271f2639f0 JavaThread "PatternSearchJob-worker-19" daemon [_thread_blocked, id=66192, stack(0x000000b91a200000,0x000000b91a300000) (1024K)]
  0x000002271f266e70 JavaThread "PatternSearchJob-worker-20" daemon [_thread_blocked, id=66196, stack(0x000000b91a300000,0x000000b91a400000) (1024K)]
  0x0000022716c72cc0 JavaThread "Compiler Source File Reader" daemon [_thread_blocked, id=66188, stack(0x000000b91a400000,0x000000b91a500000) (1024K)]
  0x0000022716c739e0 JavaThread "Compiler Source File Reader" daemon [_thread_blocked, id=62376, stack(0x000000b91a500000,0x000000b91a600000) (1024K)]
  0x0000022716c71910 JavaThread "Compiler Source File Reader" daemon [_thread_blocked, id=41932, stack(0x000000b91a900000,0x000000b91aa00000) (1024K)]
  0x0000022716c75ab0 JavaThread "Compiler Source File Reader" daemon [_thread_blocked, id=67312, stack(0x000000b91aa00000,0x000000b91ab00000) (1024K)]
Total: 71

Other Threads:
  0x00000226b741f830 VMThread "VM Thread"                           [id=19924, stack(0x000000b915a00000,0x000000b915b00000) (1024K)]
  0x00000226b724da20 WatcherThread "VM Periodic Task Thread"        [id=30124, stack(0x000000b915900000,0x000000b915a00000) (1024K)]
  0x00000226b73e64d0 WorkerThread "GC Thread#0"                     [id=31680, stack(0x000000b915800000,0x000000b915900000) (1024K)]
  0x0000022716057bc0 WorkerThread "GC Thread#1"                     [id=31476, stack(0x000000b916600000,0x000000b916700000) (1024K)]
  0x0000022716107a70 WorkerThread "GC Thread#2"                     [id=13936, stack(0x000000b916700000,0x000000b916800000) (1024K)]
  0x0000022716107e20 WorkerThread "GC Thread#3"                     [id=31016, stack(0x000000b916800000,0x000000b916900000) (1024K)]
  0x00000227161081d0 WorkerThread "GC Thread#4"                     [id=4572, stack(0x000000b916900000,0x000000b916a00000) (1024K)]
  0x0000022716108580 WorkerThread "GC Thread#5"                     [id=33960, stack(0x000000b916a00000,0x000000b916b00000) (1024K)]
  0x0000022716108930 WorkerThread "GC Thread#6"                     [id=12280, stack(0x000000b916b00000,0x000000b916c00000) (1024K)]
  0x000002271009ea20 WorkerThread "GC Thread#7"                     [id=30656, stack(0x000000b916400000,0x000000b916500000) (1024K)]
  0x000002271621dc60 WorkerThread "GC Thread#8"                     [id=3376, stack(0x000000b917100000,0x000000b917200000) (1024K)]
  0x0000022716c93e50 WorkerThread "GC Thread#9"                     [id=34232, stack(0x000000b917200000,0x000000b917300000) (1024K)]
Total: 12

Threads with active compile tasks:
Total: 0

VM state: not at safepoint (normal execution)

VM Mutex/Monitor currently owned by a thread: None

Heap address: 0x0000000080000000, size: 2048 MB, Compressed Oops mode: 32-bit

CDS archive(s) mapped at: [0x00000226ce000000-0x00000226ceba0000-0x00000226ceba0000), size 12189696, SharedBaseAddress: 0x00000226ce000000, ArchiveRelocationMode: 1.
Compressed class space mapped at: 0x00000226cf000000-0x000002270f000000, reserved size: 1073741824
Narrow klass base: 0x00000226ce000000, Narrow klass shift: 0, Narrow klass range: 0x100000000

GC Precious Log:
 CardTable entry size: 512
 CPUs: 12 total, 12 available
 Memory: 16016M
 Large Page Support: Disabled
 NUMA Support: Disabled
 Compressed Oops: Enabled (32-bit)
 Alignments: Space 512K, Generation 512K, Heap 2M
 Heap Min Capacity: 100M
 Heap Initial Capacity: 100M
 Heap Max Capacity: 2G
 Pre-touch: Disabled
 Parallel Workers: 10

Heap:
 PSYoungGen      total 35840K, used 13647K [0x00000000d5580000, 0x00000000d7e00000, 0x0000000100000000)
  eden space 30720K, 29% used [0x00000000d5580000,0x00000000d5e532e0,0x00000000d7380000)
  from space 5120K, 90% used [0x00000000d7600000,0x00000000d7a80ae0,0x00000000d7b00000)
  to   space 3072K, 0% used [0x00000000d7b00000,0x00000000d7b00000,0x00000000d7e00000)
 ParOldGen       total 1138688K, used 1138349K [0x0000000080000000, 0x00000000c5800000, 0x00000000d5580000)
  object space 1138688K, 99% used [0x0000000080000000,0x00000000c57ab7e8,0x00000000c5800000)
 Metaspace       used 102308K, committed 104064K, reserved 1179648K
  class space    used 9980K, committed 10816K, reserved 1048576K

Card table byte_map: [0x00000226b6d20000,0x00000226b7130000] _byte_map_base: 0x00000226b6920000

Marking Bits: (ParMarkBitMap*) 0x00007ff963334460
 Begin Bits: [0x00000226c9830000, 0x00000226cb830000)
 End Bits:   [0x00000226cb830000, 0x00000226cd830000)

Polling page: 0x00000226b5030000

Metaspace:

Usage:
  Non-class:     90.16 MB used.
      Class:      9.75 MB used.
       Both:     99.91 MB used.

Virtual space:
  Non-class space:      128.00 MB reserved,      91.06 MB ( 71%) committed,  2 nodes.
      Class space:        1.00 GB reserved,      10.56 MB (  1%) committed,  1 nodes.
             Both:        1.12 GB reserved,     101.62 MB (  9%) committed. 

Chunk freelists:
   Non-Class:  4.95 MB
       Class:  5.33 MB
        Both:  10.29 MB

MaxMetaspaceSize: unlimited
CompressedClassSpaceSize: 1.00 GB
Initial GC threshold: 21.00 MB
Current GC threshold: 169.06 MB
CDS: on
 - commit_granule_bytes: 65536.
 - commit_granule_words: 8192.
 - virtual_space_node_default_size: 8388608.
 - enlarge_chunks_in_place: 1.
 - use_allocation_guard: 0.


Internal statistics:

num_allocs_failed_limit: 11.
num_arena_births: 2310.
num_arena_deaths: 534.
num_vsnodes_births: 3.
num_vsnodes_deaths: 0.
num_space_committed: 1626.
num_space_uncommitted: 0.
num_chunks_returned_to_freelist: 652.
num_chunks_taken_from_freelist: 7897.
num_chunk_merges: 160.
num_chunk_splits: 4347.
num_chunks_enlarged: 2227.
num_inconsistent_stats: 0.

CodeHeap 'non-profiled nmethods': size=120000Kb used=26815Kb max_used=26815Kb free=93184Kb
 bounds [0x00000226c2050000, 0x00000226c3a80000, 0x00000226c9580000]
CodeHeap 'profiled nmethods': size=120000Kb used=37725Kb max_used=40469Kb free=82274Kb
 bounds [0x00000226ba580000, 0x00000226bcdc0000, 0x00000226c1ab0000]
CodeHeap 'non-nmethods': size=5760Kb used=1531Kb max_used=1615Kb free=4228Kb
 bounds [0x00000226c1ab0000, 0x00000226c1d20000, 0x00000226c2050000]
CodeCache: size=245760Kb, used=66071Kb, max_used=68899Kb, free=179686Kb
 total_blobs=17160, nmethods=16311, adapters=747, full_count=0
Compilation: enabled, stopped_count=0, restarted_count=0

Compilation events (20 events):
Event: 8422.911 Thread 0x000002270fd46b00 36463       3       org.eclipse.jdt.internal.ui.text.correction.QuickAssistProcessorUtil$1::<init> (10 bytes)
Event: 8422.911 Thread 0x000002270fd46b00 nmethod 36463 0x00000226bc1ae090 code [0x00000226bc1ae240, 0x00000226bc1ae488]
Event: 8423.610 Thread 0x000002270fd46b00 36464       3       org.eclipse.jdt.internal.corext.refactoring.Checks::checkIfCuBroken (53 bytes)
Event: 8423.610 Thread 0x000002270fd46b00 nmethod 36464 0x00000226bc1acb10 code [0x00000226bc1acdc0, 0x00000226bc1adc38]
Event: 8425.318 Thread 0x000002270fd46b00 36465       3       org.eclipse.jdt.internal.corext.refactoring.code.flow.FlowAnalyzer::endVisit (75 bytes)
Event: 8425.320 Thread 0x000002270fd46b00 nmethod 36465 0x00000226bc1aa610 code [0x00000226bc1aa940, 0x00000226bc1ac310]
Event: 8425.320 Thread 0x000002270fd46b00 36466       3       org.eclipse.jdt.internal.corext.refactoring.code.flow.InputFlowAnalyzer::endVisit (6 bytes)
Event: 8425.320 Thread 0x000002270fd46b00 nmethod 36466 0x00000226bc1aa290 code [0x00000226bc1aa440, 0x00000226bc1aa580]
Event: 8425.559 Thread 0x000002270fd454f0 36467  s!   4       org.eclipse.jdt.core.dom.DefaultBindingResolver::resolveName (1735 bytes)
Event: 8425.661 Thread 0x000002270fd454f0 nmethod 36467 0x00000226c3a7ac10 code [0x00000226c3a7b140, 0x00000226c3a7de30]
Event: 8426.920 Thread 0x000002270fd454f0 36468       4       org.eclipse.jdt.internal.corext.refactoring.code.flow.FlowAnalyzer::skipNode (14 bytes)
Event: 8426.920 Thread 0x000002270fd454f0 nmethod 36468 0x00000226c3a7f490 code [0x00000226c3a7f620, 0x00000226c3a7f6d0]
Event: 8426.920 Thread 0x000002270fd454f0 36469   !   4       org.eclipse.jdt.core.dom.VariableDeclarationStatement::getType (59 bytes)
Event: 8426.921 Thread 0x000002270fd46b00 36470       3       org.eclipse.jdt.internal.corext.refactoring.util.CodeAnalyzer::checkSelectedNodes (45 bytes)
Event: 8426.921 Thread 0x000002270fd454f0 nmethod 36469 0x00000226c3a7f790 code [0x00000226c3a7f920, 0x00000226c3a7f9d0]
Event: 8426.922 Thread 0x000002270fd46b00 nmethod 36470 0x00000226bc1a9590 code [0x00000226bc1a97c0, 0x00000226bc1aa068]
Event: 8426.922 Thread 0x000002270fd46b00 36471   !   3       org.eclipse.jdt.internal.corext.refactoring.util.StatementAnalyzer::checkSelectedNodes (218 bytes)
Event: 8426.924 Thread 0x000002270fd46b00 nmethod 36471 0x00000226bc1a6310 code [0x00000226bc1a66e0, 0x00000226bc1a8590]
Event: 8427.421 Thread 0x000002270fd454f0 36472   !   4       org.eclipse.jdt.core.dom.ParameterizedType::getType (60 bytes)
Event: 8427.422 Thread 0x000002270fd454f0 nmethod 36472 0x00000226c3a7fa90 code [0x00000226c3a7fc20, 0x00000226c3a7fcd0]

GC Heap History (20 events):
Event: 8387.015 GC heap before
{Heap before GC invocations=15070 (full 31):
 PSYoungGen      total 33280K, used 33277K [0x00000000d5580000, 0x00000000d8700000, 0x0000000100000000)
  eden space 30208K, 100% used [0x00000000d5580000,0x00000000d7300000,0x00000000d7300000)
  from space 3072K, 99% used [0x00000000d7300000,0x00000000d75ff600,0x00000000d7600000)
  to   space 7168K, 0% used [0x00000000d8000000,0x00000000d8000000,0x00000000d8700000)
 ParOldGen       total 1114112K, used 1113621K [0x0000000080000000, 0x00000000c4000000, 0x00000000d5580000)
  object space 1114112K, 99% used [0x0000000080000000,0x00000000c3f85690,0x00000000c4000000)
 Metaspace       used 102301K, committed 104064K, reserved 1179648K
  class space    used 9980K, committed 10816K, reserved 1048576K
}
Event: 8387.024 GC heap after
{Heap after GC invocations=15070 (full 31):
 PSYoungGen      total 40448K, used 4090K [0x00000000d5580000, 0x00000000d8400000, 0x0000000100000000)
  eden space 36352K, 0% used [0x00000000d5580000,0x00000000d5580000,0x00000000d7900000)
  from space 4096K, 99% used [0x00000000d8000000,0x00000000d83feb90,0x00000000d8400000)
  to   space 5120K, 0% used [0x00000000d7a00000,0x00000000d7a00000,0x00000000d7f00000)
 ParOldGen       total 1116672K, used 1116579K [0x0000000080000000, 0x00000000c4280000, 0x00000000d5580000)
  object space 1116672K, 99% used [0x0000000080000000,0x00000000c4268d50,0x00000000c4280000)
 Metaspace       used 102301K, committed 104064K, reserved 1179648K
  class space    used 9980K, committed 10816K, reserved 1048576K
}
Event: 8387.062 GC heap before
{Heap before GC invocations=15071 (full 31):
 PSYoungGen      total 40448K, used 40442K [0x00000000d5580000, 0x00000000d8400000, 0x0000000100000000)
  eden space 36352K, 100% used [0x00000000d5580000,0x00000000d7900000,0x00000000d7900000)
  from space 4096K, 99% used [0x00000000d8000000,0x00000000d83feb90,0x00000000d8400000)
  to   space 5120K, 0% used [0x00000000d7a00000,0x00000000d7a00000,0x00000000d7f00000)
 ParOldGen       total 1116672K, used 1116579K [0x0000000080000000, 0x00000000c4280000, 0x00000000d5580000)
  object space 1116672K, 99% used [0x0000000080000000,0x00000000c4268d50,0x00000000c4280000)
 Metaspace       used 102301K, committed 104064K, reserved 1179648K
  class space    used 9980K, committed 10816K, reserved 1048576K
}
Event: 8387.074 GC heap after
{Heap after GC invocations=15071 (full 31):
 PSYoungGen      total 42496K, used 4530K [0x00000000d5580000, 0x00000000d8a80000, 0x0000000100000000)
  eden space 37376K, 0% used [0x00000000d5580000,0x00000000d5580000,0x00000000d7a00000)
  from space 5120K, 88% used [0x00000000d7a00000,0x00000000d7e6c8b8,0x00000000d7f00000)
  to   space 5120K, 0% used [0x00000000d8580000,0x00000000d8580000,0x00000000d8a80000)
 ParOldGen       total 1120768K, used 1120452K [0x0000000080000000, 0x00000000c4680000, 0x00000000d5580000)
  object space 1120768K, 99% used [0x0000000080000000,0x00000000c4631078,0x00000000c4680000)
 Metaspace       used 102301K, committed 104064K, reserved 1179648K
  class space    used 9980K, committed 10816K, reserved 1048576K
}
Event: 8387.113 GC heap before
{Heap before GC invocations=15072 (full 31):
 PSYoungGen      total 42496K, used 41906K [0x00000000d5580000, 0x00000000d8a80000, 0x0000000100000000)
  eden space 37376K, 100% used [0x00000000d5580000,0x00000000d7a00000,0x00000000d7a00000)
  from space 5120K, 88% used [0x00000000d7a00000,0x00000000d7e6c8b8,0x00000000d7f00000)
  to   space 5120K, 0% used [0x00000000d8580000,0x00000000d8580000,0x00000000d8a80000)
 ParOldGen       total 1120768K, used 1120452K [0x0000000080000000, 0x00000000c4680000, 0x00000000d5580000)
  object space 1120768K, 99% used [0x0000000080000000,0x00000000c4631078,0x00000000c4680000)
 Metaspace       used 102303K, committed 104064K, reserved 1179648K
  class space    used 9980K, committed 10816K, reserved 1048576K
}
Event: 8387.124 GC heap after
{Heap after GC invocations=15072 (full 31):
 PSYoungGen      total 44544K, used 5100K [0x00000000d5580000, 0x00000000d9480000, 0x0000000100000000)
  eden space 39424K, 0% used [0x00000000d5580000,0x00000000d5580000,0x00000000d7c00000)
  from space 5120K, 99% used [0x00000000d8580000,0x00000000d8a7b078,0x00000000d8a80000)
  to   space 9728K, 0% used [0x00000000d7c00000,0x00000000d7c00000,0x00000000d8580000)
 ParOldGen       total 1124352K, used 1124306K [0x0000000080000000, 0x00000000c4a00000, 0x00000000d5580000)
  object space 1124352K, 99% used [0x0000000080000000,0x00000000c49f4860,0x00000000c4a00000)
 Metaspace       used 102303K, committed 104064K, reserved 1179648K
  class space    used 9980K, committed 10816K, reserved 1048576K
}
Event: 8387.261 GC heap before
{Heap before GC invocations=15073 (full 31):
 PSYoungGen      total 44544K, used 44524K [0x00000000d5580000, 0x00000000d9480000, 0x0000000100000000)
  eden space 39424K, 100% used [0x00000000d5580000,0x00000000d7c00000,0x00000000d7c00000)
  from space 5120K, 99% used [0x00000000d8580000,0x00000000d8a7b078,0x00000000d8a80000)
  to   space 9728K, 0% used [0x00000000d7c00000,0x00000000d7c00000,0x00000000d8580000)
 ParOldGen       total 1124352K, used 1124306K [0x0000000080000000, 0x00000000c4a00000, 0x00000000d5580000)
  object space 1124352K, 99% used [0x0000000080000000,0x00000000c49f4860,0x00000000c4a00000)
 Metaspace       used 102303K, committed 104064K, reserved 1179648K
  class space    used 9980K, committed 10816K, reserved 1048576K
}
Event: 8387.269 GC heap after
{Heap after GC invocations=15073 (full 31):
 PSYoungGen      total 43520K, used 5033K [0x00000000d5580000, 0x00000000d8800000, 0x0000000100000000)
  eden space 38400K, 0% used [0x00000000d5580000,0x00000000d5580000,0x00000000d7b00000)
  from space 5120K, 98% used [0x00000000d7c00000,0x00000000d80ea430,0x00000000d8100000)
  to   space 6656K, 0% used [0x00000000d8180000,0x00000000d8180000,0x00000000d8800000)
 ParOldGen       total 1129472K, used 1129233K [0x0000000080000000, 0x00000000c4f00000, 0x00000000d5580000)
  object space 1129472K, 99% used [0x0000000080000000,0x00000000c4ec4760,0x00000000c4f00000)
 Metaspace       used 102303K, committed 104064K, reserved 1179648K
  class space    used 9980K, committed 10816K, reserved 1048576K
}
Event: 8387.803 GC heap before
{Heap before GC invocations=15074 (full 31):
 PSYoungGen      total 43520K, used 43433K [0x00000000d5580000, 0x00000000d8800000, 0x0000000100000000)
  eden space 38400K, 100% used [0x00000000d5580000,0x00000000d7b00000,0x00000000d7b00000)
  from space 5120K, 98% used [0x00000000d7c00000,0x00000000d80ea430,0x00000000d8100000)
  to   space 6656K, 0% used [0x00000000d8180000,0x00000000d8180000,0x00000000d8800000)
 ParOldGen       total 1129472K, used 1129233K [0x0000000080000000, 0x00000000c4f00000, 0x00000000d5580000)
  object space 1129472K, 99% used [0x0000000080000000,0x00000000c4ec4760,0x00000000c4f00000)
 Metaspace       used 102303K, committed 104064K, reserved 1179648K
  class space    used 9980K, committed 10816K, reserved 1048576K
}
Event: 8387.809 GC heap after
{Heap after GC invocations=15074 (full 31):
 PSYoungGen      total 39936K, used 6648K [0x00000000d5580000, 0x00000000d9100000, 0x0000000100000000)
  eden space 33280K, 0% used [0x00000000d5580000,0x00000000d5580000,0x00000000d7600000)
  from space 6656K, 99% used [0x00000000d8180000,0x00000000d87fe050,0x00000000d8800000)
  to   space 11776K, 0% used [0x00000000d7600000,0x00000000d7600000,0x00000000d8180000)
 ParOldGen       total 1133568K, used 1133328K [0x0000000080000000, 0x00000000c5300000, 0x00000000d5580000)
  object space 1133568K, 99% used [0x0000000080000000,0x00000000c52c4388,0x00000000c5300000)
 Metaspace       used 102303K, committed 104064K, reserved 1179648K
  class space    used 9980K, committed 10816K, reserved 1048576K
}
Event: 8414.409 GC heap before
{Heap before GC invocations=15075 (full 31):
 PSYoungGen      total 39936K, used 39928K [0x00000000d5580000, 0x00000000d9100000, 0x0000000100000000)
  eden space 33280K, 100% used [0x00000000d5580000,0x00000000d7600000,0x00000000d7600000)
  from space 6656K, 99% used [0x00000000d8180000,0x00000000d87fe050,0x00000000d8800000)
  to   space 11776K, 0% used [0x00000000d7600000,0x00000000d7600000,0x00000000d8180000)
 ParOldGen       total 1133568K, used 1133328K [0x0000000080000000, 0x00000000c5300000, 0x00000000d5580000)
  object space 1133568K, 99% used [0x0000000080000000,0x00000000c52c4388,0x00000000c5300000)
 Metaspace       used 102303K, committed 104064K, reserved 1179648K
  class space    used 9980K, committed 10816K, reserved 1048576K
}
Event: 8414.417 GC heap after
{Heap after GC invocations=15075 (full 31):
 PSYoungGen      total 39936K, used 6705K [0x00000000d5580000, 0x00000000d8580000, 0x0000000100000000)
  eden space 32768K, 0% used [0x00000000d5580000,0x00000000d5580000,0x00000000d7580000)
  from space 7168K, 93% used [0x00000000d7600000,0x00000000d7c8c4d0,0x00000000d7d00000)
  to   space 8192K, 0% used [0x00000000d7d80000,0x00000000d7d80000,0x00000000d8580000)
 ParOldGen       total 1135104K, used 1134981K [0x0000000080000000, 0x00000000c5480000, 0x00000000d5580000)
  object space 1135104K, 99% used [0x0000000080000000,0x00000000c54615d8,0x00000000c5480000)
 Metaspace       used 102303K, committed 104064K, reserved 1179648K
  class space    used 9980K, committed 10816K, reserved 1048576K
}
Event: 8422.886 GC heap before
{Heap before GC invocations=15076 (full 31):
 PSYoungGen      total 39936K, used 39473K [0x00000000d5580000, 0x00000000d8580000, 0x0000000100000000)
  eden space 32768K, 100% used [0x00000000d5580000,0x00000000d7580000,0x00000000d7580000)
  from space 7168K, 93% used [0x00000000d7600000,0x00000000d7c8c4d0,0x00000000d7d00000)
  to   space 8192K, 0% used [0x00000000d7d80000,0x00000000d7d80000,0x00000000d8580000)
 ParOldGen       total 1135104K, used 1134981K [0x0000000080000000, 0x00000000c5480000, 0x00000000d5580000)
  object space 1135104K, 99% used [0x0000000080000000,0x00000000c54615d8,0x00000000c5480000)
 Metaspace       used 102304K, committed 104064K, reserved 1179648K
  class space    used 9980K, committed 10816K, reserved 1048576K
}
Event: 8422.890 GC heap after
{Heap after GC invocations=15076 (full 31):
 PSYoungGen      total 39424K, used 6810K [0x00000000d5580000, 0x00000000d8480000, 0x0000000100000000)
  eden space 32256K, 0% used [0x00000000d5580000,0x00000000d5580000,0x00000000d7500000)
  from space 7168K, 95% used [0x00000000d7d80000,0x00000000d8426ac0,0x00000000d8480000)
  to   space 7168K, 0% used [0x00000000d7680000,0x00000000d7680000,0x00000000d7d80000)
 ParOldGen       total 1136128K, used 1135670K [0x0000000080000000, 0x00000000c5580000, 0x00000000d5580000)
  object space 1136128K, 99% used [0x0000000080000000,0x00000000c550dae0,0x00000000c5580000)
 Metaspace       used 102304K, committed 104064K, reserved 1179648K
  class space    used 9980K, committed 10816K, reserved 1048576K
}
Event: 8425.484 GC heap before
{Heap before GC invocations=15077 (full 31):
 PSYoungGen      total 39424K, used 39066K [0x00000000d5580000, 0x00000000d8480000, 0x0000000100000000)
  eden space 32256K, 100% used [0x00000000d5580000,0x00000000d7500000,0x00000000d7500000)
  from space 7168K, 95% used [0x00000000d7d80000,0x00000000d8426ac0,0x00000000d8480000)
  to   space 7168K, 0% used [0x00000000d7680000,0x00000000d7680000,0x00000000d7d80000)
 ParOldGen       total 1136128K, used 1135670K [0x0000000080000000, 0x00000000c5580000, 0x00000000d5580000)
  object space 1136128K, 99% used [0x0000000080000000,0x00000000c550dae0,0x00000000c5580000)
 Metaspace       used 102305K, committed 104064K, reserved 1179648K
  class space    used 9980K, committed 10816K, reserved 1048576K
}
Event: 8425.488 GC heap after
{Heap after GC invocations=15077 (full 31):
 PSYoungGen      total 38912K, used 7140K [0x00000000d5580000, 0x00000000d8480000, 0x0000000100000000)
  eden space 31744K, 0% used [0x00000000d5580000,0x00000000d5580000,0x00000000d7480000)
  from space 7168K, 99% used [0x00000000d7680000,0x00000000d7d79110,0x00000000d7d80000)
  to   space 7168K, 0% used [0x00000000d7d80000,0x00000000d7d80000,0x00000000d8480000)
 ParOldGen       total 1136640K, used 1136492K [0x0000000080000000, 0x00000000c5600000, 0x00000000d5580000)
  object space 1136640K, 99% used [0x0000000080000000,0x00000000c55db2c0,0x00000000c5600000)
 Metaspace       used 102305K, committed 104064K, reserved 1179648K
  class space    used 9980K, committed 10816K, reserved 1048576K
}
Event: 8426.630 GC heap before
{Heap before GC invocations=15078 (full 31):
 PSYoungGen      total 38912K, used 38707K [0x00000000d5580000, 0x00000000d8480000, 0x0000000100000000)
  eden space 31744K, 99% used [0x00000000d5580000,0x00000000d7453e18,0x00000000d7480000)
  from space 7168K, 99% used [0x00000000d7680000,0x00000000d7d79110,0x00000000d7d80000)
  to   space 7168K, 0% used [0x00000000d7d80000,0x00000000d7d80000,0x00000000d8480000)
 ParOldGen       total 1136640K, used 1136492K [0x0000000080000000, 0x00000000c5600000, 0x00000000d5580000)
  object space 1136640K, 99% used [0x0000000080000000,0x00000000c55db2c0,0x00000000c5600000)
 Metaspace       used 102305K, committed 104064K, reserved 1179648K
  class space    used 9980K, committed 10816K, reserved 1048576K
}
Event: 8426.635 GC heap after
{Heap after GC invocations=15078 (full 31):
 PSYoungGen      total 36864K, used 5523K [0x00000000d5580000, 0x00000000d8300000, 0x0000000100000000)
  eden space 31232K, 0% used [0x00000000d5580000,0x00000000d5580000,0x00000000d7400000)
  from space 5632K, 98% used [0x00000000d7d80000,0x00000000d82e4e58,0x00000000d8300000)
  to   space 6656K, 0% used [0x00000000d7600000,0x00000000d7600000,0x00000000d7c80000)
 ParOldGen       total 1138176K, used 1137773K [0x0000000080000000, 0x00000000c5780000, 0x00000000d5580000)
  object space 1138176K, 99% used [0x0000000080000000,0x00000000c571b7c8,0x00000000c5780000)
 Metaspace       used 102305K, committed 104064K, reserved 1179648K
  class space    used 9980K, committed 10816K, reserved 1048576K
}
Event: 8428.279 GC heap before
{Heap before GC invocations=15079 (full 31):
 PSYoungGen      total 36864K, used 36755K [0x00000000d5580000, 0x00000000d8300000, 0x0000000100000000)
  eden space 31232K, 100% used [0x00000000d5580000,0x00000000d7400000,0x00000000d7400000)
  from space 5632K, 98% used [0x00000000d7d80000,0x00000000d82e4e58,0x00000000d8300000)
  to   space 6656K, 0% used [0x00000000d7600000,0x00000000d7600000,0x00000000d7c80000)
 ParOldGen       total 1138176K, used 1137773K [0x0000000080000000, 0x00000000c5780000, 0x00000000d5580000)
  object space 1138176K, 99% used [0x0000000080000000,0x00000000c571b7c8,0x00000000c5780000)
 Metaspace       used 102308K, committed 104064K, reserved 1179648K
  class space    used 9980K, committed 10816K, reserved 1048576K
}
Event: 8428.284 GC heap after
{Heap after GC invocations=15079 (full 31):
 PSYoungGen      total 35840K, used 4610K [0x00000000d5580000, 0x00000000d7e00000, 0x0000000100000000)
  eden space 30720K, 0% used [0x00000000d5580000,0x00000000d5580000,0x00000000d7380000)
  from space 5120K, 90% used [0x00000000d7600000,0x00000000d7a80ae0,0x00000000d7b00000)
  to   space 3072K, 0% used [0x00000000d7b00000,0x00000000d7b00000,0x00000000d7e00000)
 ParOldGen       total 1138688K, used 1138349K [0x0000000080000000, 0x00000000c5800000, 0x00000000d5580000)
  object space 1138688K, 99% used [0x0000000080000000,0x00000000c57ab7e8,0x00000000c5800000)
 Metaspace       used 102308K, committed 104064K, reserved 1179648K
  class space    used 9980K, committed 10816K, reserved 1048576K
}

Dll operation events (12 events):
Event: 0.032 Loaded shared library c:\Users\2427899\.vscode\extensions\redhat.java-1.55.0-win32-x64\jre\21.0.11-win32-x86_64\bin\java.dll
Event: 0.127 Loaded shared library c:\Users\2427899\.vscode\extensions\redhat.java-1.55.0-win32-x64\jre\21.0.11-win32-x86_64\bin\zip.dll
Event: 0.152 Loaded shared library C:\Users\2427899\.vscode\extensions\redhat.java-1.55.0-win32-x64\jre\21.0.11-win32-x86_64\bin\instrument.dll
Event: 0.164 Loaded shared library C:\Users\2427899\.vscode\extensions\redhat.java-1.55.0-win32-x64\jre\21.0.11-win32-x86_64\bin\net.dll
Event: 0.171 Loaded shared library C:\Users\2427899\.vscode\extensions\redhat.java-1.55.0-win32-x64\jre\21.0.11-win32-x86_64\bin\nio.dll
Event: 0.179 Loaded shared library C:\Users\2427899\.vscode\extensions\redhat.java-1.55.0-win32-x64\jre\21.0.11-win32-x86_64\bin\zip.dll
Event: 0.211 Loaded shared library C:\Users\2427899\.vscode\extensions\redhat.java-1.55.0-win32-x64\jre\21.0.11-win32-x86_64\bin\jimage.dll
Event: 0.363 Loaded shared library c:\Users\2427899\.vscode\extensions\redhat.java-1.55.0-win32-x64\jre\21.0.11-win32-x86_64\bin\verify.dll
Event: 21.716 Loaded shared library C:\Users\2427899\AppData\Roaming\Code\User\globalStorage\redhat.java\1.55.0\config_win\org.eclipse.equinox.launcher\org.eclipse.equinox.launcher.win32.win32.x86_64_1.3.100.v20260613-0559\eclipse_11924.dll
Event: 55.193 Loaded shared library C:\Users\2427899\AppData\Local\Temp\jna--1332870159\jna11400587851068670039.dll
Event: 1703.619 Loaded shared library C:\Users\2427899\.vscode\extensions\redhat.java-1.55.0-win32-x64\jre\21.0.11-win32-x86_64\bin\sunmscapi.dll
Event: 1703.949 Loaded shared library C:\Users\2427899\.vscode\extensions\redhat.java-1.55.0-win32-x64\jre\21.0.11-win32-x86_64\bin\extnet.dll

Deoptimization events (20 events):
Event: 8387.443 Thread 0x000002271f25fee0 Uncommon trap: trap_request=0xffffff45 fr.pc=0x00000226c352fa0c relative=0x00000000000001ac
Event: 8387.443 Thread 0x000002271f25fee0 Uncommon trap: reason=unstable_if action=reinterpret pc=0x00000226c352fa0c method=org.eclipse.jdt.core.dom.TypeBinding.getDeclaredMethods()[Lorg/eclipse/jdt/core/dom/IMethodBinding; @ 38 c2
Event: 8387.443 Thread 0x000002271f25fee0 DEOPT PACKING pc=0x00000226c352fa0c sp=0x000000b919bfe6a0
Event: 8387.443 Thread 0x000002271f25fee0 DEOPT UNPACKING pc=0x00000226c1b03aa2 sp=0x000000b919bfe648 mode 2
Event: 8387.444 Thread 0x000002271f25fee0 Uncommon trap: trap_request=0xffffffde fr.pc=0x00000226c2900654 relative=0x00000000000000b4
Event: 8387.444 Thread 0x000002271f25fee0 Uncommon trap: reason=class_check action=maybe_recompile pc=0x00000226c2900654 method=org.eclipse.jdt.core.dom.VariableBinding.getModifiers()I @ 11 c2
Event: 8387.444 Thread 0x000002271f25fee0 DEOPT PACKING pc=0x00000226c2900654 sp=0x000000b919bfe780
Event: 8387.444 Thread 0x000002271f25fee0 DEOPT UNPACKING pc=0x00000226c1b03aa2 sp=0x000000b919bfe708 mode 2
Event: 8387.444 Thread 0x000002271f25fee0 Uncommon trap: trap_request=0xffffffde fr.pc=0x00000226c2900654 relative=0x00000000000000b4
Event: 8387.444 Thread 0x000002271f25fee0 Uncommon trap: reason=class_check action=maybe_recompile pc=0x00000226c2900654 method=org.eclipse.jdt.core.dom.VariableBinding.getModifiers()I @ 11 c2
Event: 8387.444 Thread 0x000002271f25fee0 DEOPT PACKING pc=0x00000226c2900654 sp=0x000000b919bfe780
Event: 8387.444 Thread 0x000002271f25fee0 DEOPT UNPACKING pc=0x00000226c1b03aa2 sp=0x000000b919bfe708 mode 2
Event: 8387.444 Thread 0x000002271f25fee0 Uncommon trap: trap_request=0xffffffde fr.pc=0x00000226c2900654 relative=0x00000000000000b4
Event: 8387.444 Thread 0x000002271f25fee0 Uncommon trap: reason=class_check action=maybe_recompile pc=0x00000226c2900654 method=org.eclipse.jdt.core.dom.VariableBinding.getModifiers()I @ 11 c2
Event: 8387.444 Thread 0x000002271f25fee0 DEOPT PACKING pc=0x00000226c2900654 sp=0x000000b919bfe780
Event: 8387.444 Thread 0x000002271f25fee0 DEOPT UNPACKING pc=0x00000226c1b03aa2 sp=0x000000b919bfe708 mode 2
Event: 8393.429 Thread 0x000002271f266150 Uncommon trap: trap_request=0xffffffde fr.pc=0x00000226c2900654 relative=0x00000000000000b4
Event: 8393.429 Thread 0x000002271f266150 Uncommon trap: reason=class_check action=maybe_recompile pc=0x00000226c2900654 method=org.eclipse.jdt.core.dom.VariableBinding.getModifiers()I @ 11 c2
Event: 8393.429 Thread 0x000002271f266150 DEOPT PACKING pc=0x00000226c2900654 sp=0x000000b91a1feb60
Event: 8393.429 Thread 0x000002271f266150 DEOPT UNPACKING pc=0x00000226c1b03aa2 sp=0x000000b91a1feae8 mode 2

Classes loaded (20 events):
Event: 6126.121 Loading class jdk/internal/module/IllegalAccessLogger
Event: 6126.121 Loading class jdk/internal/module/IllegalAccessLogger done
Event: 6262.616 Loading class jdk/internal/module/IllegalAccessLogger
Event: 6262.616 Loading class jdk/internal/module/IllegalAccessLogger done
Event: 6267.105 Loading class jdk/internal/module/IllegalAccessLogger
Event: 6267.105 Loading class jdk/internal/module/IllegalAccessLogger done
Event: 6270.568 Loading class jdk/internal/module/IllegalAccessLogger
Event: 6270.568 Loading class jdk/internal/module/IllegalAccessLogger done
Event: 6531.712 Loading class jdk/internal/module/IllegalAccessLogger
Event: 6531.712 Loading class jdk/internal/module/IllegalAccessLogger done
Event: 6555.111 Loading class jdk/internal/module/IllegalAccessLogger
Event: 6555.111 Loading class jdk/internal/module/IllegalAccessLogger done
Event: 7778.429 Loading class jdk/internal/module/IllegalAccessLogger
Event: 7778.429 Loading class jdk/internal/module/IllegalAccessLogger done
Event: 8311.735 Loading class jdk/internal/module/IllegalAccessLogger
Event: 8311.735 Loading class jdk/internal/module/IllegalAccessLogger done
Event: 8363.443 Loading class jdk/internal/module/IllegalAccessLogger
Event: 8363.443 Loading class jdk/internal/module/IllegalAccessLogger done
Event: 8383.881 Loading class jdk/internal/module/IllegalAccessLogger
Event: 8383.881 Loading class jdk/internal/module/IllegalAccessLogger done

Classes unloaded (20 events):
Event: 5765.663 Thread 0x00000226b741f830 Unloading class 0x00000226cf7d5400 'java/lang/invoke/LambdaForm$MH+0x00000226cf7d5400'
Event: 5765.663 Thread 0x00000226b741f830 Unloading class 0x00000226cf745c00 'java/lang/invoke/LambdaForm$MH+0x00000226cf745c00'
Event: 5765.663 Thread 0x00000226b741f830 Unloading class 0x00000226cf23a000 'java/lang/invoke/LambdaForm$MH+0x00000226cf23a000'
Event: 5765.663 Thread 0x00000226b741f830 Unloading class 0x00000226cf018800 'java/lang/invoke/LambdaForm$MH+0x00000226cf018800'
Event: 6106.325 Thread 0x00000226b741f830 Unloading class 0x00000226cf017400 'java/lang/invoke/LambdaForm$MH+0x00000226cf017400'
Event: 6106.325 Thread 0x00000226b741f830 Unloading class 0x00000226cf019400 'java/lang/invoke/LambdaForm$MH+0x00000226cf019400'
Event: 6106.325 Thread 0x00000226b741f830 Unloading class 0x00000226cf080800 'java/lang/invoke/LambdaForm$MH+0x00000226cf080800'
Event: 6106.325 Thread 0x00000226b741f830 Unloading class 0x00000226cf890400 'java/lang/invoke/LambdaForm$MH+0x00000226cf890400'
Event: 6106.325 Thread 0x00000226b741f830 Unloading class 0x00000226cf891400 'java/lang/invoke/LambdaForm$MH+0x00000226cf891400'
Event: 6106.325 Thread 0x00000226b741f830 Unloading class 0x00000226cf000400 'java/lang/invoke/LambdaForm$MH+0x00000226cf000400'
Event: 6106.325 Thread 0x00000226b741f830 Unloading class 0x00000226cf174000 'java/lang/invoke/LambdaForm$MH+0x00000226cf174000'
Event: 6106.325 Thread 0x00000226b741f830 Unloading class 0x00000226cf1a1000 'java/lang/invoke/LambdaForm$MH+0x00000226cf1a1000'
Event: 6106.325 Thread 0x00000226b741f830 Unloading class 0x00000226cf200000 'java/lang/invoke/LambdaForm$MH+0x00000226cf200000'
Event: 6106.325 Thread 0x00000226b741f830 Unloading class 0x00000226cf200800 'java/lang/invoke/LambdaForm$MH+0x00000226cf200800'
Event: 6106.325 Thread 0x00000226b741f830 Unloading class 0x00000226cf295c00 'java/lang/invoke/LambdaForm$MH+0x00000226cf295c00'
Event: 6106.325 Thread 0x00000226b741f830 Unloading class 0x00000226cf29e000 'java/lang/invoke/LambdaForm$MH+0x00000226cf29e000'
Event: 6106.325 Thread 0x00000226b741f830 Unloading class 0x00000226cf2a5c00 'java/lang/invoke/LambdaForm$MH+0x00000226cf2a5c00'
Event: 6106.326 Thread 0x00000226b741f830 Unloading class 0x00000226cf176800 'java/lang/invoke/LambdaForm$MH+0x00000226cf176800'
Event: 6106.326 Thread 0x00000226b741f830 Unloading class 0x00000226cf176000 'java/lang/invoke/LambdaForm$MH+0x00000226cf176000'
Event: 6106.326 Thread 0x00000226b741f830 Unloading class 0x00000226cf175c00 'java/lang/invoke/LambdaForm$MH+0x00000226cf175c00'

Classes redefined (0 events):
No events

Internal exceptions (20 events):
Event: 8384.372 Thread 0x00000227196153c0 Exception <a 'java/lang/ArrayIndexOutOfBoundsException'{0x00000000d5674130}> (0x00000000d5674130) 
thrown [s\src\hotspot\share\runtime\sharedRuntime.cpp, line 625]
Event: 8384.534 Thread 0x00000227196153c0 Exception <a 'java/lang/ArrayIndexOutOfBoundsException'{0x00000000d5a8e678}> (0x00000000d5a8e678) 
thrown [s\src\hotspot\share\runtime\sharedRuntime.cpp, line 625]
Event: 8384.534 Thread 0x00000227196153c0 Exception <a 'java/lang/ArrayIndexOutOfBoundsException'{0x00000000d5a8ecb8}> (0x00000000d5a8ecb8) 
thrown [s\src\hotspot\share\runtime\sharedRuntime.cpp, line 625]
Event: 8384.534 Thread 0x00000227196153c0 Exception <a 'java/lang/ArrayIndexOutOfBoundsException'{0x00000000d5a8f048}> (0x00000000d5a8f048) 
thrown [s\src\hotspot\share\runtime\sharedRuntime.cpp, line 625]
Event: 8384.632 Thread 0x00000227196153c0 Exception <a 'java/lang/ArrayIndexOutOfBoundsException'{0x00000000d59edaa0}> (0x00000000d59edaa0) 
thrown [s\src\hotspot\share\runtime\sharedRuntime.cpp, line 625]
Event: 8384.632 Thread 0x00000227196153c0 Exception <a 'java/lang/ArrayIndexOutOfBoundsException'{0x00000000d59ee0e0}> (0x00000000d59ee0e0) 
thrown [s\src\hotspot\share\runtime\sharedRuntime.cpp, line 625]
Event: 8384.632 Thread 0x00000227196153c0 Exception <a 'java/lang/ArrayIndexOutOfBoundsException'{0x00000000d59ee470}> (0x00000000d59ee470) 
thrown [s\src\hotspot\share\runtime\sharedRuntime.cpp, line 625]
Event: 8384.832 Thread 0x00000227196153c0 Exception <a 'java/lang/ArrayIndexOutOfBoundsException'{0x00000000d5985e60}> (0x00000000d5985e60) 
thrown [s\src\hotspot\share\runtime\sharedRuntime.cpp, line 625]
Event: 8384.832 Thread 0x00000227196153c0 Exception <a 'java/lang/ArrayIndexOutOfBoundsException'{0x00000000d59864a0}> (0x00000000d59864a0) 
thrown [s\src\hotspot\share\runtime\sharedRuntime.cpp, line 625]
Event: 8384.833 Thread 0x00000227196153c0 Exception <a 'java/lang/ArrayIndexOutOfBoundsException'{0x00000000d5986830}> (0x00000000d5986830) 
thrown [s\src\hotspot\share\runtime\sharedRuntime.cpp, line 625]
Event: 8384.957 Thread 0x00000227196153c0 Exception <a 'java/lang/ArrayIndexOutOfBoundsException'{0x00000000d5912b18}> (0x00000000d5912b18) 
thrown [s\src\hotspot\share\runtime\sharedRuntime.cpp, line 625]
Event: 8384.957 Thread 0x00000227196153c0 Exception <a 'java/lang/ArrayIndexOutOfBoundsException'{0x00000000d5913158}> (0x00000000d5913158) 
thrown [s\src\hotspot\share\runtime\sharedRuntime.cpp, line 625]
Event: 8384.957 Thread 0x00000227196153c0 Exception <a 'java/lang/ArrayIndexOutOfBoundsException'{0x00000000d59134e8}> (0x00000000d59134e8) 
thrown [s\src\hotspot\share\runtime\sharedRuntime.cpp, line 625]
Event: 8385.197 Thread 0x00000227196153c0 Exception <a 'java/lang/ArrayIndexOutOfBoundsException'{0x00000000d59075f8}> (0x00000000d59075f8) 
thrown [s\src\hotspot\share\runtime\sharedRuntime.cpp, line 625]
Event: 8385.197 Thread 0x00000227196153c0 Exception <a 'java/lang/ArrayIndexOutOfBoundsException'{0x00000000d5907f50}> (0x00000000d5907f50) 
thrown [s\src\hotspot\share\runtime\sharedRuntime.cpp, line 625]
Event: 8385.197 Thread 0x00000227196153c0 Exception <a 'java/lang/ArrayIndexOutOfBoundsException'{0x00000000d59082e0}> (0x00000000d59082e0) 
thrown [s\src\hotspot\share\runtime\sharedRuntime.cpp, line 625]
Event: 8385.300 Thread 0x00000227196153c0 Exception <a 'java/lang/ArrayIndexOutOfBoundsException'{0x00000000d56212f8}> (0x00000000d56212f8) 
thrown [s\src\hotspot\share\runtime\sharedRuntime.cpp, line 625]
Event: 8385.300 Thread 0x00000227196153c0 Exception <a 'java/lang/ArrayIndexOutOfBoundsException'{0x00000000d5621938}> (0x00000000d5621938) 
thrown [s\src\hotspot\share\runtime\sharedRuntime.cpp, line 625]
Event: 8385.300 Thread 0x00000227196153c0 Exception <a 'java/lang/ArrayIndexOutOfBoundsException'{0x00000000d5621cc8}> (0x00000000d5621cc8) 
thrown [s\src\hotspot\share\runtime\sharedRuntime.cpp, line 625]
Event: 8385.515 Thread 0x00000227196153c0 Exception <a 'java/lang/ArrayIndexOutOfBoundsException'{0x00000000d5929d70}> (0x00000000d5929d70) 
thrown [s\src\hotspot\share\runtime\sharedRuntime.cpp, line 625]

ZGC Phase Switch (0 events):
No events

VM Operations (20 events):
Event: 8417.806 Executing non-safepoint VM operation: RendezvousGCThreads
Event: 8417.806 Executing non-safepoint VM operation: RendezvousGCThreads done
Event: 8418.820 Executing safepoint VM operation: Cleanup
Event: 8418.820 Executing safepoint VM operation: Cleanup done
Event: 8421.839 Executing safepoint VM operation: Cleanup
Event: 8421.839 Executing safepoint VM operation: Cleanup done
Event: 8422.840 Executing safepoint VM operation: Cleanup
Event: 8422.840 Executing safepoint VM operation: Cleanup done
Event: 8422.886 Executing safepoint VM operation: ParallelGCFailedAllocation (Allocation Failure)
Event: 8422.890 Executing safepoint VM operation: ParallelGCFailedAllocation (Allocation Failure) done
Event: 8425.484 Executing safepoint VM operation: ParallelGCFailedAllocation (Allocation Failure)
Event: 8425.488 Executing safepoint VM operation: ParallelGCFailedAllocation (Allocation Failure) done
Event: 8426.502 Executing safepoint VM operation: Cleanup
Event: 8426.502 Executing safepoint VM operation: Cleanup done
Event: 8426.630 Executing safepoint VM operation: ParallelGCFailedAllocation (Allocation Failure)
Event: 8426.635 Executing safepoint VM operation: ParallelGCFailedAllocation (Allocation Failure) done
Event: 8427.643 Executing safepoint VM operation: Cleanup
Event: 8427.643 Executing safepoint VM operation: Cleanup done
Event: 8428.279 Executing safepoint VM operation: ParallelGCFailedAllocation (Allocation Failure)
Event: 8428.284 Executing safepoint VM operation: ParallelGCFailedAllocation (Allocation Failure) done

Memory protections (0 events):
No events

Nmethod flushes (20 events):
Event: 6532.220 Thread 0x00000226b741f830 flushing  nmethod 0x00000226bc71cc10
Event: 6532.220 Thread 0x00000226b741f830 flushing  nmethod 0x00000226bc72f090
Event: 6532.220 Thread 0x00000226b741f830 flushing osr nmethod 0x00000226bc73a890
Event: 6532.220 Thread 0x00000226b741f830 flushing  nmethod 0x00000226bc7c3390
Event: 6532.220 Thread 0x00000226b741f830 flushing  nmethod 0x00000226bc7d7e10
Event: 6532.220 Thread 0x00000226b741f830 flushing  nmethod 0x00000226bc81d890
Event: 6532.220 Thread 0x00000226b741f830 flushing  nmethod 0x00000226bc85ed10
Event: 6532.220 Thread 0x00000226b741f830 flushing  nmethod 0x00000226bc8b4410
Event: 6532.220 Thread 0x00000226b741f830 flushing  nmethod 0x00000226bc95f210
Event: 6532.220 Thread 0x00000226b741f830 flushing  nmethod 0x00000226bc96e190
Event: 6532.220 Thread 0x00000226b741f830 flushing  nmethod 0x00000226bc9a5c10
Event: 6532.220 Thread 0x00000226b741f830 flushing  nmethod 0x00000226bc9f3b90
Event: 6532.220 Thread 0x00000226b741f830 flushing  nmethod 0x00000226bca67210
Event: 6532.220 Thread 0x00000226b741f830 flushing  nmethod 0x00000226bcb07890
Event: 6532.220 Thread 0x00000226b741f830 flushing  nmethod 0x00000226bcbc8410
Event: 6532.220 Thread 0x00000226b741f830 flushing  nmethod 0x00000226bcc20610
Event: 6532.220 Thread 0x00000226b741f830 flushing  nmethod 0x00000226bcc35e10
Event: 6532.220 Thread 0x00000226b741f830 flushing  nmethod 0x00000226bcc65810
Event: 6532.220 Thread 0x00000226b741f830 flushing  nmethod 0x00000226bcc85a10
Event: 6532.220 Thread 0x00000226b741f830 flushing  nmethod 0x00000226bcd83610

Events (20 events):
Event: 8316.281 Thread 0x00000227196153c0 Thread added: 0x000002271f262640
Event: 8316.305 Thread 0x000002271f262640 Thread added: 0x000002271f261920
Event: 8317.264 Thread 0x00000227196153c0 Thread added: 0x000002271f262cd0
Event: 8317.390 Thread 0x000002271f262cd0 Thread added: 0x000002271f25fee0
Event: 8317.745 Thread 0x00000227196153c0 Thread added: 0x000002271f263360
Event: 8317.858 Thread 0x000002271f263360 Thread added: 0x000002271f261290
Event: 8317.971 Thread 0x000002271f261920 Thread added: 0x000002271f265ac0
Event: 8318.059 Thread 0x000002271f265ac0 Thread added: 0x000002271f266150
Event: 8328.666 Thread 0x0000022716c72630 Thread added: 0x000002271f2639f0
Event: 8328.666 Thread 0x0000022719616e00 Thread added: 0x000002271f266e70
Event: 8341.529 Thread 0x00000227196153c0 Thread added: 0x000002271f264080
Event: 8341.809 Thread 0x00000227196153c0 Thread added: 0x0000022716c71910
Event: 8342.373 Thread 0x000002271f264080 Thread exited: 0x000002271f264080
Event: 8342.641 Thread 0x0000022716c71910 Thread exited: 0x0000022716c71910
Event: 8363.097 Thread 0x0000022719007d20 Thread added: 0x0000022716c72cc0
Event: 8363.098 Thread 0x0000022719007d20 Thread added: 0x0000022716c739e0
Event: 8363.474 Thread 0x0000022719007d20 Thread added: 0x0000022716c71910
Event: 8383.782 Thread 0x0000022716c767d0 Thread added: 0x0000022716c75ab0
Event: 8386.520 Thread 0x000002270fd454f0 Thread added: 0x000002271844ea40
Event: 8387.445 Thread 0x000002271844ea40 Thread exited: 0x000002271844ea40


Dynamic libraries:
0x00007ff673c80000 - 0x00007ff673c8e000 	c:\Users\2427899\.vscode\extensions\redhat.java-1.55.0-win32-x64\jre\21.0.11-win32-x86_64\bin\java.exe
0x00007ff9fb020000 - 0x00007ff9fb286000 	C:\WINDOWS\SYSTEM32\ntdll.dll
0x00007ff9fa570000 - 0x00007ff9fa639000 	C:\WINDOWS\System32\KERNEL32.DLL
0x00007ff9f8570000 - 0x00007ff9f896a000 	C:\WINDOWS\System32\KERNELBASE.dll
0x00007ff9f82b0000 - 0x00007ff9f83fc000 	C:\WINDOWS\System32\ucrtbase.dll
0x00007ff9b4a70000 - 0x00007ff9b4a88000 	c:\Users\2427899\.vscode\extensions\redhat.java-1.55.0-win32-x64\jre\21.0.11-win32-x86_64\bin\jli.dll
0x00007ff9f9e30000 - 0x00007ff9f9ff7000 	C:\WINDOWS\System32\USER32.dll
0x00007ff9f84b0000 - 0x00007ff9f84d7000 	C:\WINDOWS\System32\win32u.dll
0x00007ff9f8ef0000 - 0x00007ff9f8f1b000 	C:\WINDOWS\System32\GDI32.dll
0x00007ff9f8af0000 - 0x00007ff9f8c1b000 	C:\WINDOWS\System32\gdi32full.dll
0x00007ff9f8400000 - 0x00007ff9f84a3000 	C:\WINDOWS\System32\msvcp_win.dll
0x00007ff9b2730000 - 0x00007ff9b274e000 	c:\Users\2427899\.vscode\extensions\redhat.java-1.55.0-win32-x64\jre\21.0.11-win32-x86_64\bin\VCRUNTIME140.dll
0x00007ff9f7250000 - 0x00007ff9f74e2000 	C:\WINDOWS\WinSxS\amd64_microsoft.windows.common-controls_6595b64144ccf1df_6.0.26100.8521_none_3e08b75ce33403b3\COMCTL32.dll
0x00007ff9fa930000 - 0x00007ff9fa9d9000 	C:\WINDOWS\System32\msvcrt.dll
0x00007ff9f9590000 - 0x00007ff9f95c2000 	C:\WINDOWS\System32\IMM32.DLL
0x00007ff9ccca0000 - 0x00007ff9cce02000 	C:\Program Files (x86)\Citrix\ICA Client\ctxapclient64.dll
0x00007ff9f90c0000 - 0x00007ff9f9443000 	C:\WINDOWS\System32\combase.dll
0x00007ff9fa9e0000 - 0x00007ff9faaf8000 	C:\WINDOWS\System32\RPCRT4.dll
0x00007ff9efed0000 - 0x00007ff9efedb000 	C:\WINDOWS\SYSTEM32\VERSION.dll
0x00007ff9f81a0000 - 0x00007ff9f81ca000 	C:\WINDOWS\SYSTEM32\bcrypt.dll
0x00007ff9f9450000 - 0x00007ff9f94fa000 	C:\WINDOWS\System32\sechost.dll
0x00007ff9faba0000 - 0x00007ff9fac56000 	C:\WINDOWS\System32\ADVAPI32.dll
0x00007ff9f7930000 - 0x00007ff9f7966000 	C:\WINDOWS\SYSTEM32\ntmarta.dll
0x00007ff9f8c20000 - 0x00007ff9f8cc8000 	C:\WINDOWS\System32\bcryptprimitives.dll
0x00007ff9f7ee0000 - 0x00007ff9f8039000 	C:\Program Files\Avecto\Privilege Guard Client\PGHook.dll
0x00007ff9c8090000 - 0x00007ff9c809c000 	c:\Users\2427899\.vscode\extensions\redhat.java-1.55.0-win32-x64\jre\21.0.11-win32-x86_64\bin\vcruntime140_1.dll
0x00007ff9748c0000 - 0x00007ff97494d000 	c:\Users\2427899\.vscode\extensions\redhat.java-1.55.0-win32-x64\jre\21.0.11-win32-x86_64\bin\msvcp140.dll
0x00007ff962670000 - 0x00007ff963412000 	c:\Users\2427899\.vscode\extensions\redhat.java-1.55.0-win32-x64\jre\21.0.11-win32-x86_64\bin\server\jvm.dll
0x00007ff9f9030000 - 0x00007ff9f90b0000 	C:\WINDOWS\System32\WS2_32.dll
0x00007ff9f8110000 - 0x00007ff9f816e000 	C:\WINDOWS\SYSTEM32\POWRPROF.dll
0x00007ff9f01c0000 - 0x00007ff9f01f6000 	C:\WINDOWS\SYSTEM32\WINMM.dll
0x00007ff9f80f0000 - 0x00007ff9f8104000 	C:\WINDOWS\SYSTEM32\UMPDC.dll
0x00007ff9f6480000 - 0x00007ff9f649b000 	C:\WINDOWS\SYSTEM32\kernel.appcore.dll
0x00007ff9c58c0000 - 0x00007ff9c58ca000 	c:\Users\2427899\.vscode\extensions\redhat.java-1.55.0-win32-x64\jre\21.0.11-win32-x86_64\bin\jimage.dll
0x00007ff9f7970000 - 0x00007ff9f7bb2000 	C:\WINDOWS\SYSTEM32\DBGHELP.DLL
0x00000226b6a60000 - 0x00000226b6b39000 	C:\WINDOWS\System32\OLEAUT32.dll
0x00007ff9f7860000 - 0x00007ff9f789b000 	C:\WINDOWS\SYSTEM32\dbgcore.DLL
0x00007ff9c16e0000 - 0x00007ff9c16ef000 	c:\Users\2427899\.vscode\extensions\redhat.java-1.55.0-win32-x64\jre\21.0.11-win32-x86_64\bin\instrument.dll
0x00007ff9b18a0000 - 0x00007ff9b18c0000 	c:\Users\2427899\.vscode\extensions\redhat.java-1.55.0-win32-x64\jre\21.0.11-win32-x86_64\bin\java.dll
0x00000227110d0000 - 0x0000022711854000 	C:\WINDOWS\System32\SHELL32.dll
0x00007ff9f4f20000 - 0x00007ff9f57a0000 	C:\WINDOWS\SYSTEM32\windows.storage.dll
0x00007ff9f8f20000 - 0x00007ff9f9016000 	C:\WINDOWS\System32\SHCORE.dll
0x00007ff9fa8b0000 - 0x00007ff9fa917000 	C:\WINDOWS\System32\shlwapi.dll
0x00007ff9f81d0000 - 0x00007ff9f81f9000 	C:\WINDOWS\SYSTEM32\profapi.dll
0x00007ff9aade0000 - 0x00007ff9aadf8000 	c:\Users\2427899\.vscode\extensions\redhat.java-1.55.0-win32-x64\jre\21.0.11-win32-x86_64\bin\zip.dll
0x00007ff9c0f90000 - 0x00007ff9c0fa0000 	C:\Users\2427899\.vscode\extensions\redhat.java-1.55.0-win32-x64\jre\21.0.11-win32-x86_64\bin\net.dll
0x00007ff9f64a0000 - 0x00007ff9f65c9000 	C:\WINDOWS\SYSTEM32\WINHTTP.dll
0x00007ff9f6ac0000 - 0x00007ff9f6b2c000 	C:\WINDOWS\system32\mswsock.dll
0x00007ff9a2370000 - 0x00007ff9a2386000 	C:\Users\2427899\.vscode\extensions\redhat.java-1.55.0-win32-x64\jre\21.0.11-win32-x86_64\bin\nio.dll
0x00007ff9c0cd0000 - 0x00007ff9c0ce0000 	c:\Users\2427899\.vscode\extensions\redhat.java-1.55.0-win32-x64\jre\21.0.11-win32-x86_64\bin\verify.dll
0x00007ff9d3d80000 - 0x00007ff9d3dc5000 	C:\Users\2427899\AppData\Roaming\Code\User\globalStorage\redhat.java\1.55.0\config_win\org.eclipse.equinox.launcher\org.eclipse.equinox.launcher.win32.win32.x86_64_1.3.100.v20260613-0559\eclipse_11924.dll
0x00007ff9fa640000 - 0x00007ff9fa7d8000 	C:\WINDOWS\System32\ole32.dll
0x00007ff95ff40000 - 0x00007ff9600f7000 	C:\Program Files\Zscaler\ZDP\ZDPPrint64.dll
0x00007ff9f7ce0000 - 0x00007ff9f7cfb000 	C:\WINDOWS\SYSTEM32\CRYPTSP.dll
0x00007ff9f6f90000 - 0x00007ff9f6fc9000 	C:\WINDOWS\system32\rsaenh.dll
0x00007ff9f6f80000 - 0x00007ff9f6f8c000 	C:\WINDOWS\SYSTEM32\CRYPTBASE.dll
0x00007ff9f6b30000 - 0x00007ff9f6b63000 	C:\WINDOWS\SYSTEM32\USERENV.dll
0x00007ff9f5c90000 - 0x00007ff9f5cc3000 	C:\WINDOWS\SYSTEM32\IPHLPAPI.DLL
0x00007ff9f9020000 - 0x00007ff9f902a000 	C:\WINDOWS\System32\NSI.dll
0x00007ff9e7000000 - 0x00007ff9e7049000 	C:\Users\2427899\AppData\Local\Temp\jna--1332870159\jna11400587851068670039.dll
0x00007ff9faed0000 - 0x00007ff9faed8000 	C:\WINDOWS\System32\PSAPI.DLL
0x00007ff9efe40000 - 0x00007ff9efe5d000 	C:\WINDOWS\SYSTEM32\dhcpcsvc6.DLL
0x00007ff9ece70000 - 0x00007ff9ece95000 	C:\WINDOWS\SYSTEM32\dhcpcsvc.DLL
0x00007ff9f7900000 - 0x00007ff9f790e000 	C:\Users\2427899\.vscode\extensions\redhat.java-1.55.0-win32-x64\jre\21.0.11-win32-x86_64\bin\sunmscapi.dll
0x0000022711e00000 - 0x0000022711f78000 	C:\WINDOWS\System32\CRYPT32.dll
0x00007ff9f7210000 - 0x00007ff9f7240000 	C:\WINDOWS\SYSTEM32\ncrypt.dll
0x00007ff9f71c0000 - 0x00007ff9f71ff000 	C:\WINDOWS\SYSTEM32\NTASN1.dll
0x00007ff9c3b10000 - 0x00007ff9c3b18000 	C:\WINDOWS\system32\wshunix.dll
0x00007ff9f10b0000 - 0x00007ff9f10b9000 	C:\Users\2427899\.vscode\extensions\redhat.java-1.55.0-win32-x64\jre\21.0.11-win32-x86_64\bin\extnet.dll
0x00007ff9f5cd0000 - 0x00007ff9f5e1a000 	C:\WINDOWS\SYSTEM32\DNSAPI.dll
0x00007ff9f68e0000 - 0x00007ff9f68ed000 	C:\WINDOWS\SYSTEM32\DSPARSE.dll
0x00007ff9eff50000 - 0x00007ff9eff5b000 	C:\Windows\System32\rasadhlp.dll
0x00007ff9eff60000 - 0x00007ff9effe6000 	C:\WINDOWS\System32\fwpuclnt.dll

JVMTI agents:
c:\Users\2427899\.vscode\extensions\redhat.java-1.55.0-win32-x64\lombok\lombok-1.18.39-4050.jar path:c:\Users\2427899\.vscode\extensions\redhat.java-1.55.0-win32-x64\jre\21.0.11-win32-x86_64\bin\instrument.dll, loaded, initialized, instrumentlib options:none

dbghelp: loaded successfully - version: 4.0.5 - missing functions: none
symbol engine: initialized successfully - sym options: 0x614 - pdb path: .;c:\Users\2427899\.vscode\extensions\redhat.java-1.55.0-win32-x64\jre\21.0.11-win32-x86_64\bin;C:\WINDOWS\SYSTEM32;C:\WINDOWS\WinSxS\amd64_microsoft.windows.common-controls_6595b64144ccf1df_6.0.26100.8521_none_3e08b75ce33403b3;C:\Program Files (x86)\Citrix\ICA Client;C:\Program Files\Avecto\Privilege Guard Client;c:\Users\2427899\.vscode\extensions\redhat.java-1.55.0-win32-x64\jre\21.0.11-win32-x86_64\bin\server;C:\Users\2427899\AppData\Roaming\Code\User\globalStorage\redhat.java\1.55.0\config_win\org.eclipse.equinox.launcher\org.eclipse.equinox.launcher.win32.win32.x86_64_1.3.100.v20260613-0559;C:\Program Files\Zscaler\ZDP;C:\Users\2427899\AppData\Local\Temp\jna--1332870159

VM Arguments:
jvm_args: --add-modules=ALL-SYSTEM --add-opens=java.base/java.util=ALL-UNNAMED --add-opens=java.base/java.lang=ALL-UNNAMED --add-opens=java.base/sun.nio.fs=ALL-UNNAMED -Declipse.application=org.eclipse.jdt.ls.core.id1 -Dosgi.bundles.defaultStartLevel=4 -Declipse.product=org.eclipse.jdt.ls.core.product -Djava.import.generatesMetadataFilesAtProjectRoot=false -DDetectVMInstallationsJob.disabled=true -Dfile.encoding=utf8 -XX:+UseParallelGC -XX:GCTimeRatio=4 -XX:AdaptiveSizePolicyWeight=90 -Dsun.zip.disableMemoryMapping=true -Xmx2G -Xms100m -Xlog:disable -javaagent:c:\Users\2427899\.vscode\extensions\redhat.java-1.55.0-win32-x64\lombok\lombok-1.18.39-4050.jar -XX:+HeapDumpOnOutOfMemoryError -XX:HeapDumpPath=c:\Users\2427899\AppData\Roaming\Code\User\workspaceStorage\2f7942b5be9effb978c8b3f212498b0f\redhat.java -Daether.dependencyCollector.impl=bf 
java_command: c:\Users\2427899\.vscode\extensions\redhat.java-1.55.0-win32-x64\server\plugins\org.eclipse.equinox.launcher_1.7.200.v20260619-2039.jar -configuration c:\Users\2427899\AppData\Roaming\Code\User\globalStorage\redhat.java\1.55.0\config_win -data c:\Users\2427899\AppData\Roaming\Code\User\workspaceStorage\2f7942b5be9effb978c8b3f212498b0f\redhat.java\jdt_ws --pipe=\\.\pipe\lsp-1f65c7dce2b6652f221fd5320bfa47b2-sock
java_class_path (initial): c:\Users\2427899\.vscode\extensions\redhat.java-1.55.0-win32-x64\server\plugins\org.eclipse.equinox.launcher_1.7.200.v20260619-2039.jar
Launcher Type: SUN_STANDARD

[Global flags]
    uintx AdaptiveSizePolicyWeight                 = 90                                        {product} {command line}
     intx CICompilerCount                          = 4                                         {product} {ergonomic}
    uintx GCTimeRatio                              = 4                                         {product} {command line}
     bool HeapDumpOnOutOfMemoryError               = true                                   {manageable} {command line}
    ccstr HeapDumpPath                             = c:\Users\2427899\AppData\Roaming\Code\User\workspaceStorage\2f7942b5be9effb978c8b3f212498b0f\redhat.java         {manageable} {command line}
   size_t InitialHeapSize                          = 104857600                                 {product} {command line}
   size_t MaxHeapSize                              = 2147483648                                {product} {command line}
   size_t MaxNewSize                               = 715653120                                 {product} {ergonomic}
   size_t MinHeapDeltaBytes                        = 524288                                    {product} {ergonomic}
   size_t MinHeapSize                              = 104857600                                 {product} {command line}
   size_t NewSize                                  = 34603008                                  {product} {ergonomic}
    uintx NonNMethodCodeHeapSize                   = 5839372                                {pd product} {ergonomic}
    uintx NonProfiledCodeHeapSize                  = 122909434                              {pd product} {ergonomic}
   size_t OldSize                                  = 70254592                                  {product} {ergonomic}
    uintx ProfiledCodeHeapSize                     = 122909434                              {pd product} {ergonomic}
    uintx ReservedCodeCacheSize                    = 251658240                              {pd product} {ergonomic}
     bool SegmentedCodeCache                       = true                                      {product} {ergonomic}
   size_t SoftMaxHeapSize                          = 2147483648                             {manageable} {ergonomic}
     bool UseCompressedOops                        = true                           {product lp64_product} {ergonomic}
     bool UseLargePagesIndividualAllocation        = false                                  {pd product} {ergonomic}
     bool UseParallelGC                            = true                                      {product} {command line}

Logging:
Log output configuration:
 #0: stdout all=off uptime,level,tags foldmultilines=false
 #1: stderr all=off uptime,level,tags foldmultilines=false

Release file:
JAVA_VERSION="21.0.11" 
MODULES="java.base java.compiler java.datatransfer java.xml java.prefs java.desktop java.instrument java.logging java.management java.security.sasl java.naming java.rmi java.management.rmi java.net.http java.scripting java.security.jgss java.transaction.xa java.sql java.sql.rowset java.xml.crypto java.se java.smartcardio jdk.accessibility jdk.internal.jvmstat jdk.attach jdk.charsets jdk.internal.opt jdk.zipfs jdk.compiler jdk.crypto.ec jdk.crypto.cryptoki jdk.crypto.mscapi jdk.dynalink jdk.internal.ed jdk.editpad jdk.hotspot.agent jdk.httpserver jdk.internal.le jdk.internal.vm.ci jdk.internal.vm.compiler jdk.internal.vm.compiler.management jdk.jartool jdk.javadoc jdk.jcmd jdk.management jdk.management.agent jdk.jconsole jdk.jdeps jdk.jdwp.agent jdk.jdi jdk.jfr jdk.jshell jdk.jsobject jdk.jstatd jdk.localedata jdk.management.jfr jdk.naming.dns jdk.naming.rmi jdk.net jdk.nio.mapmode jdk.random jdk.sctp jdk.security.auth jdk.security.jgss jdk.unsupported jdk.unsupported.desktop jdk.xml.dom" 

Environment Variables:
PATH=C:\Program Files\Common Files\Oracle\Java\javapath;C:\WINDOWS\system32;C:\WINDOWS;C:\WINDOWS\System32\Wbem;C:\WINDOWS\System32\WindowsPowerShell\v1.0\;C:\WINDOWS\System32\OpenSSH\;C:\Program Files\Microsoft VS Code\bin;C:\Users\2427899\Downloads\apache-maven-3.9.11-bin.tar.gz\apache-maven-3.9.11;C:\Users\2427899\Downloads\apache-maven-3.9.11-bin.tar.gz\apache-maven-3.9.11\bin;C:\Users\2427899\OneDrive - Cognizant\Desktop\Maven\apache-maven-3.9.11\bin;C:\Users\2427899\Downloads\edgedriver_win64;C:\Users\2427899\Downloads\node-v24.11.1-win-x64\node-v24.11.1-win-x64;C:\Program Files\nvm;C:\Program Files\nodejs;C:\Program Files\MySQL\MySQL Server 8.0\bin;C:\Program Files\MySQL\MySQL Shell 8.0\bin\;C:\Users\2427899\AppData\Local\Microsoft\WindowsApps;C:\Users\2427899\Downloads\apache-maven-3.9.11-bin.tar.gz\apache-maven-3.9.11;C:\Users\2427899\AppData\Local\Programs\Git\cmd;C:\Users\2427899\Downloads\node-v24.11.1-win-x64\node-v24.11.1-win-x64;
USERNAME=2427899
OS=Windows_NT
PROCESSOR_IDENTIFIER=Intel64 Family 6 Model 186 Stepping 3, GenuineIntel
TMP=C:\Users\2427899\AppData\Local\Temp
TEMP=C:\Users\2427899\AppData\Local\Temp




Periodic native trim disabled

---------------  S Y S T E M  ---------------

OS:
 Windows 11 , 64 bit Build 26100 (10.0.26100.8521)
OS uptime: 3 days 0:29 hours
Hyper-V role detected

CPU: total 12 (initial active 12) (6 cores per cpu, 2 threads per core) family 6 model 186 stepping 3 microcode 0x4123, cx8, cmov, fxsr, ht, mmx, 3dnowpref, sse, sse2, sse3, ssse3, sse4.1, sse4.2, popcnt, lzcnt, tsc, tscinvbit, avx, avx2, aes, erms, clmul, bmi1, bmi2, adx, sha, fma, vzeroupper, clflush, clflushopt, clwb, hv, serialize, rdtscp, rdpid, fsrm, f16c, cet_ibt, cet_ss
Processor Information for the first 12 processors :
  Max Mhz: 1600, Current Mhz: 1600, Mhz Limit: 1600

Memory: 4k page, system-wide physical 16016M (738M free)
TotalPageFile size 56976M (AvailPageFile size 1M)
current process WorkingSet (physical memory assigned to process): 1451M, peak: 1906M
current process commit charge ("private bytes"): 1528M, peak: 1810M

vm_info: OpenJDK 64-Bit Server VM (21.0.11+10-LTS) for windows-amd64 JRE (21.0.11+10-LTS), built on 2026-04-21T00:00:00Z by "admin" with MS VC++ 17.12 (VS2022)

END.
